// Jest Snapshot v1, https://goo.gl/fbAQLP

exports[`Create sapshot for home card component  1`] = `
<div
  className="home-card rounded flex-col flex justify-between"
>
  <img
    alt="right arrow"
    className="arrow w-7 block ml-auto m-4"
    src="right-arrow.svg"
  />
  <img
    alt="country map"
    className="map w-full h-32 sm:h-40 object-contain"
    src="url"
  />
  <div
    className="home-card-text text-right"
  >
    <h1
      className="home-card-title uppercase text-xl text-pink-500 sm:text-pink-700 sm:mt-2 sm:mr-3"
    >
      Uganda
    </h1>
    <p
      className="text-center sm:text-xl"
    >
      Air Quality Index
      <span
        className="bg-pink-500 inline-block text-white p-1 px-3 m-1 font-bold  rounded-3xl"
      >
         
      </span>
    </p>
  </div>
</div>
`;
